{"DATE":"08-24-2017 16:49:34","results":[{"CheckName":"DNS1_1","Alerted":"false","result":"tries: 100, Err: 0 (0.00%), Avg: 86, Min: 75, Max: 201"},{"CheckName":"DNS2_1","Alerted":"false","result":"tries: 100, Err: 0 (0.00%), Avg: 85, Min: 75, Max: 182"},{"CheckName":"LOAD_BALANCER_1","Alerted":"false","result":"tries: 1, Err: 0 (0.00%), Avg: 223, Min: 223, Max: 223"}]}
{"DATE":"08-24-2017 16:52:06","results":[{"CheckName":"DNS1_1","Alerted":"false","result":"tries: 100, Err: 0 (0.00%), Avg: 88, Min: 76, Max: 207"},{"CheckName":"DNS2_1","Alerted":"false","result":"tries: 1, Err: 0 (0.00%), Avg: 188, Min: 188, Max: 188"},{"CheckName":"LOAD_BALANCER_1","Alerted":"false","result":"tries: 1, Err: 0 (0.00%), Avg: 273, Min: 273, Max: 273"}]}
{"DATE":"08-24-2017 19:56:10","results":[{"CheckName":"DNS1_1","Alerted":"false","result":"tries: 66, Err: 0 (0.00%), Avg: 92, Min: 82, Max: 223"},{"CheckName":"DNS2_1","Alerted":"false","result":"tries: 1, Err: 0 (0.00%), Avg: 192, Min: 192, Max: 192"},{"CheckName":"LOAD_BALANCER_1","Alerted":"false","result":"tries: 100, Err: 0 (0.00%), Avg: 93, Min: 77, Max: 342"}]}
{"DATE":"08-25-2017 03:00:16","results":[{"CheckName":"DNS1_1","Alerted":"false","result":"tries: 1, Err: 0 (0.00%), Avg: 212, Min: 212, Max: 212"},{"CheckName":"DNS2_1","Alerted":"false","result":"tries: 100, Err: 0 (0.00%), Avg: 91, Min: 85, Max: 194"},{"CheckName":"LOAD_BALANCER_1","Alerted":"false","result":"tries: 100, Err: 0 (0.00%), Avg: 93, Min: 80, Max: 247"}]}
{"DATE":"08-26-2017 03:00:16","results":[{"CheckName":"DNS1_1","Alerted":"false","result":"tries: 1, Err: 0 (0.00%), Avg: 213, Min: 213, Max: 213"},{"CheckName":"DNS2_1","Alerted":"false","result":"tries: 100, Err: 0 (0.00%), Avg: 91, Min: 80, Max: 200"},{"CheckName":"LOAD_BALANCER_1","Alerted":"false","result":"tries: 100, Err: 0 (0.00%), Avg: 96, Min: 79, Max: 291"}]}
{"DATE":"08-26-2017 19:16:54","results":[{"CheckName":"DNS1_1","Alerted":"true","result":"tries: 100, Err: 0 (0.00%), Avg: 90, Min: 70, Max: 204"},{"CheckName":"DNS2_1","Alerted":"true","result":"tries: 100, Err: 0 (0.00%), Avg: 88, Min: 70, Max: 197"},{"CheckName":"LOAD_BALANCER_1","Alerted":"true","result":"tries: 100, Err: 0 (0.00%), Avg: 92, Min: 70, Max: 240"}]}
{"DATE":"08-26-2017 19:22:05","results":[{"CheckName":"DNS1_1","Alerted":"true","result":"tries: 100, Err: 0 (0.00%), Avg: 89, Min: 70, Max: 199"},{"CheckName":"DNS2_1","Alerted":"true","result":"tries: 95, Err: 0 (0.00%), Avg: 89, Min: 70, Max: 195"},{"CheckName":"LOAD_BALANCER_1","Alerted":"true","result":"tries: 1, Err: 0 (0.00%), Avg: 148, Min: 148, Max: 148"}]}
{"DATE":"08-26-2017 19:26:12","results":[{"CheckName":"DNS1_1","Alerted":"true","result":"tries: 1, Err: 0 (0.00%), Avg: 133, Min: 133, Max: 133"},{"CheckName":"DNS2_1","Alerted":"true","result":"tries: 1, Err: 0 (0.00%), Avg: 203, Min: 203, Max: 203"},{"CheckName":"LOAD_BALANCER_1","Alerted":"true","result":"tries: 100, Err: 0 (0.00%), Avg: 89, Min: 72, Max: 210"}]}
{"DATE":"08-26-2017 19:39:29","results":[{"CheckName":"DNS1_1","Alerted":"true","result":"tries: 100, Err: 0 (0.00%), Avg: 84, Min: 69, Max: 202"},{"CheckName":"DNS2_1","Alerted":"true","result":"tries: 100, Err: 0 (0.00%), Avg: 83, Min: 69, Max: 188"},{"CheckName":"LOAD_BALANCER_1","Alerted":"true","result":"tries: 100, Err: 0 (0.00%), Avg: 89, Min: 71, Max: 242"}]}
{"DATE":"08-26-2017 21:09:22","results":[{"CheckName":"DNS1","Alerted":"false","result":"tries: 1, Err: 0 (0.00%), Avg: 207, Min: 207, Max: 207"},{"CheckName":"DNS2","Alerted":"false","result":"tries: 100, Err: 0 (0.00%), Avg: 90, Min: 83, Max: 200"},{"CheckName":"LoadBalancer","Alerted":"false","result":"tries: 100, Err: 0 (0.00%), Avg: 90, Min: 80, Max: 229"}]}
